// Jest Snapshot v1, https://goo.gl/fbAQLP

exports[`renders 1`] = `
<a
  href="https://github.com/django/Django"
>
  django/Django
</a>
`;
